# energy_RMSE [meV] energy_MAE [meV] forces_RMSE [meV/] forces_MAE [meV/]

0.44241 0.36433 639.68 493.95

